  Wannier HR loaded: nwann=112, nrpts=579
  Band gap at Gamma ~   18.1553 eV
  Truncated window:   -25.6634 to    71.7028 eV (at Gamma)
===========================================
  HHG-SBE Solver Parameters
===========================================
  a1 (bohr)      :    13.224880   -0.002316    0.000000
  a2 (bohr)      :    -6.614446   11.456556    0.000000
  b1 (1/bohr)    :     0.475151    0.274329   -0.000000
  b2 (1/bohr)    :     0.000096    0.548491   -0.000000
  Omega_cell     :  7157.160901
  E_fermi (Ha)   :     0.003098
  SOC            : 1
-------------------------------------------
  nwann          : 112
  Band window : 75 to 94
  n_trunc        : 20
  nv             : 10
-------------------------------------------
  k-grid       : 10 x 10
-------------------------------------------
  Wavelength   :     900.00 nm
  Intensity    :  2.000E+11 W/cm^2
  omega0       :   0.05062595 a.u.
  E0           :   0.00028840 a.u.
  A0           :   0.00569666 a.u.
  T_cycle      :       3.00 fs
  T_total      :      12.01 fs
  nt           : 1418
  dt           :     0.3500 a.u.
-------------------------------------------
  T2           :      10.00 fs
  n_dt_deph    : 5
===========================================
Starting classical time evolution...
  Step 70 / 1418 (   4.9%)
  Step 140 / 1418 (   9.9%)
  Step 210 / 1418 (  14.8%)
  Step 280 / 1418 (  19.7%)
  Step 350 / 1418 (  24.7%)
  Step 420 / 1418 (  29.6%)
  Step 490 / 1418 (  34.6%)
  Step 560 / 1418 (  39.5%)
  Step 630 / 1418 (  44.4%)
  Step 700 / 1418 (  49.4%)
  Step 770 / 1418 (  54.3%)
  Step 840 / 1418 (  59.2%)
  Step 910 / 1418 (  64.2%)
  Step 980 / 1418 (  69.1%)
  Step 1050 / 1418 (  74.0%)
  Step 1120 / 1418 (  79.0%)
  Step 1190 / 1418 (  83.9%)
  Step 1260 / 1418 (  88.9%)
  Step 1330 / 1418 (  93.8%)
  Step 1400 / 1418 (  98.7%)
Time evolution complete.
Total wall time:    2730.45 seconds
