Reading input from input.nml
  Wannier TB loaded: nwann=112, nrpts=579
  Valley assignment: K=50, K'=50
  Band gap at Gamma ~    0.6672 eV
  Truncated window:    -1.0243 to     2.5538 eV (at Gamma)
  Pre-projection memory estimate: 353 MB
  Pre-projected Wannier matrices into truncated basis.
  Berry curvature computed (Kubo formula).
===========================================
  HHG-SBE Solver Parameters
===========================================
  a1 (bohr)      :    13.224880   -0.002316    0.000000
  a2 (bohr)      :    -6.614446   11.456556    0.000000
  b1 (1/bohr)    :     0.475151    0.274329   -0.000000
  b2 (1/bohr)    :     0.000096    0.548491   -0.000000
  Omega_cell     :  7157.160901
  A_cell (2D)    :   151.496258
  E_fermi (Ha)   :     0.003098
  SOC            : 1
-------------------------------------------
  nwann          : 112
  Band window : 75 to 94
  n_trunc        : 20
  nv             : 10
-------------------------------------------
  k-grid       : 10 x 10
-------------------------------------------
  Wavelength   :    3200.00 nm
  Intensity    :  2.000E+11 W/cm^2
  omega0       :   0.01423855 a.u.
  E0           :   0.00238724 a.u.
  A0           :   0.16766018 a.u.
  T_cycle      :      10.67 fs
  T_total      :      42.70 fs
  nt           : 5043
  dt           :     0.3500 a.u.
-------------------------------------------
  gauge        : vg
  T2           :       0.50 fs
  n_dt_deph    : 5
===========================================
Starting classical time evolution...
  Step 252 / 5043 (   5.0%)
  Step 504 / 5043 (  10.0%)
  Step 756 / 5043 (  15.0%)
  Step 1008 / 5043 (  20.0%)
  Step 1260 / 5043 (  25.0%)
  Step 1512 / 5043 (  30.0%)
  Step 1764 / 5043 (  35.0%)
  Step 2016 / 5043 (  40.0%)
  Step 2268 / 5043 (  45.0%)
  Step 2520 / 5043 (  50.0%)
  Step 2772 / 5043 (  55.0%)
  Step 3024 / 5043 (  60.0%)
  Step 3276 / 5043 (  65.0%)
  Step 3528 / 5043 (  70.0%)
  Step 3780 / 5043 (  75.0%)
  Step 4032 / 5043 (  80.0%)
  Step 4284 / 5043 (  84.9%)
  Step 4536 / 5043 (  89.9%)
  Step 4788 / 5043 (  94.9%)
  Step 5040 / 5043 (  99.9%)
Time evolution complete.
Total wall time:     603.95 seconds
